
> dev
> webpack serve --mode development

<i> [webpack-dev-server] [HPM] Proxy created: /api  -> http://127.0.0.1:5003
<i> [webpack-dev-server] [HPM] Proxy rewrite rule created: "^/api" ~> "/lineage-manager/api"
<i> [webpack-dev-server] Project is running at:
<i> [webpack-dev-server] Loopback: http://localhost:3001/
<i> [webpack-dev-server] On Your Network (IPv4): http://172.21.164.104:3001/
<i> [webpack-dev-server] Content not from webpack is served from '/home/darkwing/src/lineage_platform/apps/admin_console/lineage/public' directory
assets by chunk 10.3 MiB (id hint: vendors) 32 assets
+ 17 assets
orphan modules 2.04 MiB [orphan] 1971 modules
runtime modules 36.6 KiB 30 modules
built modules 7.71 MiB (javascript) 84 bytes (share-init) 84 bytes (consume-shared) [built]
  modules by path ./node_modules/ 7.69 MiB 1713 modules
  modules by path ./src/ 18.4 KiB
    modules by path ./src/*.ts 363 bytes 2 modules
    modules by path ./src/*.tsx 13.8 KiB 2 modules
    modules by path ./src/styles/*.css 4.29 KiB 2 modules
  provide-module modules 84 bytes
    provide shared module (default) react-dom@18.3.1 = ./node_modules/reac...(truncated) 42 bytes [built] [code generated]
    provide shared module (default) react@18.3.1 = ./node_modules/react/index.js 42 bytes [built] [code generated]
  consume-shared-module modules 84 bytes
    consume shared module (default) react@* (singleton) (fallback: ./node_modules/r...(truncated) 42 bytes [built] [code generated]
    consume shared module (default) react-dom@* (singleton) (fallback: ./node_module...(truncated) 42 bytes [built] [code generated]
  container entry 42 bytes [built] [code generated]
webpack 5.104.1 compiled successfully in 6105 ms
assets by status 10.3 MiB [cached] 46 assets
assets by status 3.01 MiB [emitted]
  asset main.js 2.79 MiB [emitted] (name: main)
  asset remoteEntry.js 184 KiB [emitted] (name: lineage)
  asset src_App_tsx.js 33.3 KiB [emitted]
cached modules 9.74 MiB (javascript) 84 bytes (share-init) 84 bytes (consume-shared) [cached] 3694 modules
runtime modules 36.6 KiB 30 modules
./src/App.tsx 15.8 KiB [built] [code generated]
webpack 5.104.1 compiled successfully in 2465 ms
assets by status 10.3 MiB [cached] 46 assets
assets by status 3.01 MiB [emitted]
  asset main.js 2.8 MiB [emitted] (name: main)
  asset remoteEntry.js 184 KiB [emitted] (name: lineage)
  asset src_App_tsx.js 36.6 KiB [emitted]
cached modules 9.74 MiB (javascript) 84 bytes (share-init) 84 bytes (consume-shared) [cached] 3694 modules
runtime modules 36.6 KiB 30 modules
./src/App.tsx 18.4 KiB [built] [code generated]
webpack 5.104.1 compiled successfully in 1029 ms
assets by status 10.3 MiB [cached] 46 assets
assets by status 3.01 MiB [emitted]
  asset main.js 2.8 MiB [emitted] (name: main)
  asset remoteEntry.js 184 KiB [emitted] (name: lineage)
  asset src_App_tsx.js 36.9 KiB [emitted]
cached modules 9.74 MiB (javascript) 84 bytes (share-init) 84 bytes (consume-shared) [cached] 3694 modules
runtime modules 36.6 KiB 30 modules
./src/App.tsx 18.7 KiB [built] [code generated]
webpack 5.104.1 compiled successfully in 993 ms
assets by status 10.3 MiB [cached] 46 assets
assets by status 3.01 MiB [emitted]
  asset main.js 2.8 MiB [emitted] (name: main)
  asset remoteEntry.js 184 KiB [emitted] (name: lineage)
  asset src_App_tsx.js 37.1 KiB [emitted]
cached modules 9.74 MiB (javascript) 84 bytes (share-init) 84 bytes (consume-shared) [cached] 3694 modules
runtime modules 36.6 KiB 30 modules
./src/App.tsx 18.8 KiB [built] [code generated]
webpack 5.104.1 compiled successfully in 862 ms
assets by status 10.3 MiB [cached] 45 assets
assets by status 3.05 MiB [emitted]
  asset main.js 2.81 MiB [emitted] (name: main)
  asset remoteEntry.js 184 KiB [emitted] (name: lineage)
  asset src_App_tsx.js 53.6 KiB [emitted]
  asset src_index_ts.js 4.46 KiB [emitted]
cached modules 9.74 MiB (javascript) 84 bytes (share-init) 84 bytes (consume-shared) [cached] 3691 modules
runtime modules 36.6 KiB 30 modules
javascript modules 25.4 KiB
  built modules 24.3 KiB [built]
    modules by path ./src/components/ 8.59 KiB
      modules by path ./src/components/ControlBar/*.tsx 2.62 KiB 3 modules
      modules by path ./src/components/*.tsx 5.98 KiB 3 modules
    modules by path ./src/hooks/*.ts 11 KiB
      ./src/hooks/useGraphData.ts 2.99 KiB [built] [code generated]
      ./src/hooks/useMermaidRenderer.ts 6.65 KiB [built] [code generated]
      ./src/hooks/useGraphHistory.ts 1.36 KiB [built] [code generated]
    ./src/App.tsx 4 KiB [built] [code generated]
    ./src/services/GraphApiService.ts 761 bytes [built] [code generated]
  container entry 42 bytes [code generated]
  ./src/mount.tsx 1.03 KiB [code generated]

WARNING in ./src/mount.tsx 8:25-28
export 'App' (imported as 'App') was not found in './App' (possible exports: default)
 @ ./src/index.ts 1:0-32 1:0-32

webpack 5.104.1 compiled with 1 warning in 1448 ms
assets by status 10.4 MiB [cached] 46 assets
assets by status 3 MiB [emitted]
  asset main.js 2.81 MiB [emitted] (name: main)
  asset remoteEntry.js 184 KiB [emitted] (name: lineage)
  asset src_index_ts.js 4.47 KiB [emitted]
cached modules 9.76 MiB (javascript) 84 bytes (share-init) 84 bytes (consume-shared) [cached] 3703 modules
runtime modules 36.6 KiB 30 modules
./src/mount.tsx 1.03 KiB [built] [code generated]
webpack 5.104.1 compiled successfully in 641 ms
Killed
