
> dev
> webpack serve --mode development

<i> [webpack-dev-server] [HPM] Proxy created: /api  -> http://127.0.0.1:5003
<i> [webpack-dev-server] [HPM] Proxy rewrite rule created: "^/api" ~> "/lineage-manager/api"
<i> [webpack-dev-server] Project is running at:
<i> [webpack-dev-server] Loopback: http://localhost:3002/
<i> [webpack-dev-server] On Your Network (IPv4): http://172.21.164.104:3002/
<i> [webpack-dev-server] Content not from webpack is served from '/home/darkwing/src/lineage_platform/apps/admin_console/table-detail-viewer/public' directory
assets by chunk 16 MiB (id hint: vendors) 33 assets
+ 19 assets
orphan modules 2.18 MiB [orphan] 1981 modules
runtime modules 37.9 KiB 31 modules
modules by path ./node_modules/ 12.1 MiB 2308 modules
modules by path ./src/ 109 KiB 25 modules
provide-module modules 84 bytes
  provide shared module (default) react-dom@18.3.1 = ./node_modules/reac...(truncated) 42 bytes [built] [code generated]
  provide shared module (default) react@18.3.1 = ./node_modules/react/index.js 42 bytes [built] [code generated]
consume-shared-module modules 84 bytes
  consume shared module (default) react@* (singleton) (fallback: ./node_modules/r...(truncated) 42 bytes [built] [code generated]
  consume shared module (default) react-dom@* (singleton) (fallback: ./node_module...(truncated) 42 bytes [built] [code generated]
container entry 42 bytes [built] [code generated]
webpack 5.104.1 compiled successfully in 8279 ms
assets by status 16.2 MiB [cached] 49 assets
assets by status 8.52 MiB [emitted]
  asset main.js 8.28 MiB [emitted] (name: main)
  asset remoteEntry.js 187 KiB [emitted] (name: tableDetailViewer)
  asset src_views_job_JobDetailView_tsx-src_views_table_TableDetailView_tsx.js 58.3 KiB [emitted]
cached modules 14.4 MiB (javascript) 84 bytes (share-init) 84 bytes (consume-shared) [cached] 4318 modules
runtime modules 37.9 KiB 31 modules
./src/components/job/JobOverview.tsx 3.38 KiB [built] [code generated]
webpack 5.104.1 compiled successfully in 1012 ms
assets by status 16.2 MiB [cached] 49 assets
assets by status 8.54 MiB [emitted]
  asset main.js 8.29 MiB [emitted] (name: main)
  asset remoteEntry.js 187 KiB [emitted] (name: tableDetailViewer)
  asset src_views_job_JobDetailView_tsx-src_views_table_TableDetailView_tsx.js 68.7 KiB [emitted]
cached modules 14.4 MiB (javascript) 84 bytes (share-init) 84 bytes (consume-shared) [cached] 4317 modules
runtime modules 37.9 KiB 31 modules
javascript modules 8.9 KiB
  modules by path ./src/components/job/*.tsx 4.85 KiB
    ./src/components/job/JobRunTimeline.tsx 2.47 KiB [built] [code generated]
    ./src/components/job/JobRunDrawer.tsx 2.38 KiB [built] [code generated]
  ./src/views/job/JobDetailView.tsx 2.2 KiB [built] [code generated]
  ./src/utils.ts 1.85 KiB [built] [code generated]
webpack 5.104.1 compiled successfully in 897 ms
